 
****************************************
Report : timing
        -path full
        -delay min
        -max_paths 5
Design : FPAdder
Version: G-2012.06-ICC-SP2
Date   : Tue Dec 29 01:24:26 2015
****************************************

 * Some/all delay information is back-annotated.

Operating Conditions: worst_low   Library: NangateOpenCellLibrary_ss0p95vn40c
	Parasitic source    : LPE
	Parasitic mode      : RealRC
	Extraction mode     : MIN_MAX
	Extraction derating : -40/-40/-40

Information: Percent of Arnoldi-based delays =  0.00%

  Startpoint: b_reg_reg_22_
              (rising edge-triggered flip-flop clocked by clk)
  Endpoint: result_reg_31_
            (rising edge-triggered flip-flop clocked by clk)
  Path Group: clk
  Path Type: min

  Point                                                   Incr       Path
  --------------------------------------------------------------------------
  clock clk (rise edge)                                   0.00       0.00
  clock network delay (propagated)                        0.03       0.03
  b_reg_reg_22_/CK (DFF_X1)                               0.00       0.03 r
  b_reg_reg_22_/Q (DFF_X1)                                0.08       0.12 r
  U117/Z (MUX2_X1)                                        0.05 &     0.16 r
  Adder/a[22] (Adder24Bit)                                0.00       0.16 r
  Adder/Comp/a[22] (comparator24bit)                      0.00       0.16 r
  Adder/Comp/add_13/A[22] (comparator24bit_DW01_add_1)
                                                          0.00       0.16 r
  Adder/Comp/add_13/U97/ZN (OAI22_X1)                     0.02 &     0.18 f
  Adder/Comp/add_13/U98/ZN (INV_X1)                       0.01 &     0.19 r
  Adder/Comp/add_13/U161/ZN (AOI21_X1)                    0.01 &     0.21 f
  Adder/Comp/add_13/U150/ZN (OAI21_X1)                    0.02 &     0.22 r
  Adder/Comp/add_13/U166/ZN (INV_X1)                      0.01 &     0.23 f
  Adder/Comp/add_13/U169/ZN (OAI21_X1)                    0.02 &     0.25 r
  Adder/Comp/add_13/SUM[24] (comparator24bit_DW01_add_1)
                                                          0.00       0.25 r
  Adder/Comp/f_bigger (comparator24bit)                   0.00       0.25 r
  Adder/U15/Z (MUX2_X2)                                   0.10 &     0.34 r
  Adder/finalSign (Adder24Bit)                            0.00       0.34 r
  result_reg_31_/D (DFF_X1)                               0.01 &     0.35 r
  data arrival time                                                  0.35

  clock clk (rise edge)                                   0.00       0.00
  clock network delay (propagated)                        0.03       0.03
  result_reg_31_/CK (DFF_X1)                              0.00       0.03 r
  library hold time                                       0.04       0.07
  data required time                                                 0.07
  --------------------------------------------------------------------------
  data required time                                                 0.07
  data arrival time                                                 -0.35
  --------------------------------------------------------------------------
  slack (MET)                                                        0.28


  Startpoint: b_reg_reg_30_
              (rising edge-triggered flip-flop clocked by clk)
  Endpoint: result_reg_0_
            (rising edge-triggered flip-flop clocked by clk)
  Path Group: clk
  Path Type: min

  Point                                    Incr       Path
  -----------------------------------------------------------
  clock clk (rise edge)                    0.00       0.00
  clock network delay (propagated)         0.04       0.04
  b_reg_reg_30_/CK (DFF_X1)                0.00       0.04 r
  b_reg_reg_30_/Q (DFF_X1)                 0.09       0.13 r
  U92/Z (MUX2_X1)                          0.04 &     0.18 r
  Norm/e[7] (Normalize)                    0.00       0.18 r
  Norm/U1018/ZN (XNOR2_X1)                 0.02 &     0.19 f
  Norm/U1082/ZN (NAND4_X1)                 0.02 &     0.21 r
  Norm/U570/ZN (OAI21_X1)                  0.03 &     0.24 f
  Norm/U1/ZN (INV_X1)                      0.10 &     0.34 r
  Norm/U1086/ZN (NOR2_X1)                  0.04 &     0.38 f
  Norm/normResult[0] (Normalize)           0.00       0.38 f
  result_reg_0_/D (DFF_X1)                 0.00 &     0.38 f
  data arrival time                                   0.38

  clock clk (rise edge)                    0.00       0.00
  clock network delay (propagated)         0.04       0.04
  result_reg_0_/CK (DFF_X1)                0.00       0.04 r
  library hold time                        0.01       0.05
  data required time                                  0.05
  -----------------------------------------------------------
  data required time                                  0.05
  data arrival time                                  -0.38
  -----------------------------------------------------------
  slack (MET)                                         0.33


  Startpoint: result_reg_23_
              (rising edge-triggered flip-flop clocked by clk)
  Endpoint: result[23] (output port clocked by clk)
  Path Group: clk
  Path Type: min

  Point                                    Incr       Path
  -----------------------------------------------------------
  clock clk (rise edge)                    0.00       0.00
  clock network delay (propagated)         0.02       0.02
  result_reg_23_/CK (DFF_X1)               0.00       0.02 r
  result_reg_23_/Q (DFF_X1)                0.09       0.12 f
  result[23] (out)                         0.00 &     0.12 f
  data arrival time                                   0.12

  clock clk (rise edge)                    0.00       0.00
  clock network delay (propagated)         0.00       0.00
  output external delay                   -0.50      -0.50
  data required time                                 -0.50
  -----------------------------------------------------------
  data required time                                 -0.50
  data arrival time                                  -0.12
  -----------------------------------------------------------
  slack (MET)                                         0.62


  Startpoint: result_reg_24_
              (rising edge-triggered flip-flop clocked by clk)
  Endpoint: result[24] (output port clocked by clk)
  Path Group: clk
  Path Type: min

  Point                                    Incr       Path
  -----------------------------------------------------------
  clock clk (rise edge)                    0.00       0.00
  clock network delay (propagated)         0.02       0.02
  result_reg_24_/CK (DFF_X1)               0.00       0.02 r
  result_reg_24_/Q (DFF_X1)                0.09       0.12 f
  result[24] (out)                         0.00 &     0.12 f
  data arrival time                                   0.12

  clock clk (rise edge)                    0.00       0.00
  clock network delay (propagated)         0.00       0.00
  output external delay                   -0.50      -0.50
  data required time                                 -0.50
  -----------------------------------------------------------
  data required time                                 -0.50
  data arrival time                                  -0.12
  -----------------------------------------------------------
  slack (MET)                                         0.62


  Startpoint: result_reg_26_
              (rising edge-triggered flip-flop clocked by clk)
  Endpoint: result[26] (output port clocked by clk)
  Path Group: clk
  Path Type: min

  Point                                    Incr       Path
  -----------------------------------------------------------
  clock clk (rise edge)                    0.00       0.00
  clock network delay (propagated)         0.02       0.02
  result_reg_26_/CK (DFF_X1)               0.00       0.02 r
  result_reg_26_/Q (DFF_X1)                0.09       0.12 f
  result[26] (out)                         0.00 &     0.12 f
  data arrival time                                   0.12

  clock clk (rise edge)                    0.00       0.00
  clock network delay (propagated)         0.00       0.00
  output external delay                   -0.50      -0.50
  data required time                                 -0.50
  -----------------------------------------------------------
  data required time                                 -0.50
  data arrival time                                  -0.12
  -----------------------------------------------------------
  slack (MET)                                         0.62


1
