Information: Updating graph... (UID-83)

************************************************************
SI options:
Delta Delay Computation:           true
Static Noise Computation:          true
Timing window analysis for SI:     true
Reselection in timing window:      false
Min Delta Delay for SI:            true
Analysis Effort:                   medium
Max Transition Mode:               normal_slew
Static Noise Thresholds:           0.35 (0.33V) above low
                                   0.35 (0.33V) below high
Route xtalk prevention:            true
Route xtalk prevention threshold:  0.35
************************************************************

 
****************************************
Report : area
Design : FPMultiplier
Version: G-2012.06-ICC-SP2
Date   : Tue Dec 29 01:18:33 2015
****************************************

Information: Updating design information... (UID-85)

************************************************************
SI options:
Delta Delay Computation:           true
Static Noise Computation:          true
Timing window analysis for SI:     true
Reselection in timing window:      false
Min Delta Delay for SI:            true
Analysis Effort:                   medium
Max Transition Mode:               normal_slew
Static Noise Thresholds:           0.35 (0.33V) above low
                                   0.35 (0.33V) below high
Route xtalk prevention:            true
Route xtalk prevention threshold:  0.35
************************************************************

Information: Input delay ('fall') on clock port 'clk' will be added to the clock's propagated skew. (TIM-112)
Information: Input delay ('rise') on clock port 'clk' will be added to the clock's propagated skew. (TIM-112)
Information: Input delay ('rise') on clock port 'clk' will be added to the clock's propagated skew. (TIM-112)
Information: Input delay ('fall') on clock port 'clk' will be added to the clock's propagated skew. (TIM-112)
Information: Total 1818 nets in the design, 1813 nets have timing window. (TIM-180)
Information: Input delay ('fall') on clock port 'clk' will be added to the clock's propagated skew. (TIM-112)
Information: Input delay ('rise') on clock port 'clk' will be added to the clock's propagated skew. (TIM-112)
Information: Input delay ('rise') on clock port 'clk' will be added to the clock's propagated skew. (TIM-112)
Information: Input delay ('fall') on clock port 'clk' will be added to the clock's propagated skew. (TIM-112)
Library(s) Used:

    NangateOpenCellLibrary_ss0p95vn40c (File: /home/standard_cell_libraries/NangateOpenCellLibrary_PDKv1_3_v2010_12/lib/Front_End/Liberty/NLDM/NangateOpenCellLibrary_ss0p95vn40c.db)

Number of ports:                           99
Number of nets:                           299
Number of cells:                          196
Number of combinational cells:             98
Number of sequential cells:                96
Number of macros:                           0
Number of buf/inv:                         28
Number of references:                      15

Combinational area:       2295.579998
Buf/Inv area:               81.396000
Noncombinational area:     434.111984
Net Interconnect area:      undefined  (Wire load has zero net area)

Total cell area:          2729.691983
Total area:                 undefined

Hierarchical area distribution
------------------------------

                                  Global cell area          Local cell area
                                  ------------------  ---------------------------- 
Hierarchical cell                 Absolute   Percent  Combi-     Noncombi-  Black
                                  Total      Total    national   national   boxes   Design
--------------------------------  ---------  -------  ---------  ---------  ------  --------------------------
FPMultiplier                      2729.6920    100.0   126.6160   434.1120  0.0000  FPMultiplier
add_2_root_sub_1_root_sub_23        32.4520      1.2    32.4520     0.0000  0.0000  FPMultiplier_DW01_add_1
mult_17                           2136.5120     78.3  2136.5120     0.0000  0.0000  FPMultiplier_DW_mult_uns_0
--------------------------------  ---------  -------  ---------  ---------  ------  --------------------------
Total                                                 2295.5800   434.1120  0.0000

1
